#-----------------------------------------------------------
# Vivado v2019.1 (64-bit)
# SW Build 2552052 on Fri May 24 14:47:09 MDT 2019
# IP Build 2548770 on Fri May 24 18:01:18 MDT 2019
# Start of session at: Sun Mar  8 00:13:00 2020
# Process ID: 29829
# Current directory: /home/tanmay/tanmay/Arduino_LSM6DS3
# Command line: vivado
# Log file: /home/tanmay/tanmay/Arduino_LSM6DS3/vivado.log
# Journal file: /home/tanmay/tanmay/Arduino_LSM6DS3/vivado.jou
#-----------------------------------------------------------
start_gui
open_project /home/tanmay/processor/processor.xpr
update_compile_order -fileset sources_1
# Disabling source management mode.  This is to allow the top design properties to be set without GUI intervention.
set_property source_mgmt_mode None [current_project]
set_property top alu32 [current_fileset]
# Re-enabling previously disabled source management mode.
set_property source_mgmt_mode All [current_project]
update_compile_order -fileset sources_1
reset_run synth_1
launch_runs synth_1 -jobs 4
wait_on_run synth_1
# Disabling source management mode.  This is to allow the top design properties to be set without GUI intervention.
set_property source_mgmt_mode None [current_project]
set_property top processor [current_fileset]
# Re-enabling previously disabled source management mode.
set_property source_mgmt_mode All [current_project]
update_compile_order -fileset sources_1
